// Jest Snapshot v1, https://goo.gl/fbAQLP

exports[`ImageComponente renders correctly 1`] = `null`;
