// Jest Snapshot v1, https://goo.gl/fbAQLP

exports[`Starts renders correctly 1`] = `
<div
  className="sc-VigVT bLIVrL"
  selected={5}
>
  <span
    onClick={[Function]}
    onKeyDown={[Function]}
    role="button"
    tabIndex="0"
  >
    ★
  </span>
  <span
    onClick={[Function]}
    onKeyDown={[Function]}
    role="button"
    tabIndex="0"
  >
    ★
  </span>
  <span
    onClick={[Function]}
    onKeyDown={[Function]}
    role="button"
    tabIndex="0"
  >
    ★
  </span>
  <span
    onClick={[Function]}
    onKeyDown={[Function]}
    role="button"
    tabIndex="0"
  >
    ★
  </span>
  <span
    onClick={[Function]}
    onKeyDown={[Function]}
    role="button"
    tabIndex="0"
  >
    ★
  </span>
</div>
`;
